== experiment: workers
  [workers] {'workers': 1, 'strategy': 'round_robin', 'batch_size': 1000} run 1: e2e 7.72s (1,296,123 rec/s)
  [workers] {'workers': 1, 'strategy': 'round_robin', 'batch_size': 1000} run 2: e2e 7.74s (1,291,807 rec/s)
  [workers] {'workers': 1, 'strategy': 'round_robin', 'batch_size': 1000} run 3: e2e 7.63s (1,310,389 rec/s)
  [workers] {'workers': 2, 'strategy': 'round_robin', 'batch_size': 1000} run 1: e2e 4.98s (2,008,543 rec/s)
  [workers] {'workers': 2, 'strategy': 'round_robin', 'batch_size': 1000} run 2: e2e 7.27s (1,376,055 rec/s)
  [workers] {'workers': 2, 'strategy': 'round_robin', 'batch_size': 1000} run 3: e2e 6.38s (1,568,090 rec/s)
  [workers] {'workers': 4, 'strategy': 'round_robin', 'batch_size': 1000} run 1: e2e 4.56s (2,192,433 rec/s)
  [workers] {'workers': 4, 'strategy': 'round_robin', 'batch_size': 1000} run 2: e2e 5.84s (1,711,485 rec/s)
  [workers] {'workers': 4, 'strategy': 'round_robin', 'batch_size': 1000} run 3: e2e 2.81s (3,556,371 rec/s)
  [workers] {'workers': 6, 'strategy': 'round_robin', 'batch_size': 1000} run 1: e2e 2.85s (3,509,920 rec/s)
  [workers] {'workers': 6, 'strategy': 'round_robin', 'batch_size': 1000} run 2: e2e 4.48s (2,232,675 rec/s)
  [workers] {'workers': 6, 'strategy': 'round_robin', 'batch_size': 1000} run 3: e2e 5.06s (1,975,129 rec/s)
  [workers] {'workers': 8, 'strategy': 'round_robin', 'batch_size': 1000} run 1: e2e 3.14s (3,186,919 rec/s)
  [workers] {'workers': 8, 'strategy': 'round_robin', 'batch_size': 1000} run 2: e2e 3.55s (2,816,257 rec/s)
  [workers] {'workers': 8, 'strategy': 'round_robin', 'batch_size': 1000} run 3: e2e 3.12s (3,204,197 rec/s)
wrote /home/meet-ghelani/Project/Distri/ASS3/Q2_grpc/results/bench_workers.csv
== experiment: batch
  [batch] {'workers': 4, 'strategy': 'round_robin', 'batch_size': 1} run 1: e2e 140.58s (7,113 rec/s)
  [batch] {'workers': 4, 'strategy': 'round_robin', 'batch_size': 1} run 2: e2e 139.61s (7,163 rec/s)
  [batch] {'workers': 4, 'strategy': 'round_robin', 'batch_size': 1} run 3: e2e 127.15s (7,865 rec/s)
  [batch] {'workers': 4, 'strategy': 'round_robin', 'batch_size': 10} run 1: e2e 10.95s (91,299 rec/s)
  [batch] {'workers': 4, 'strategy': 'round_robin', 'batch_size': 10} run 2: e2e 15.63s (63,979 rec/s)
  [batch] {'workers': 4, 'strategy': 'round_robin', 'batch_size': 10} run 3: e2e 15.26s (65,528 rec/s)
  [batch] {'workers': 4, 'strategy': 'round_robin', 'batch_size': 100} run 1: e2e 1.95s (513,365 rec/s)
  [batch] {'workers': 4, 'strategy': 'round_robin', 'batch_size': 100} run 2: e2e 1.39s (719,946 rec/s)
  [batch] {'workers': 4, 'strategy': 'round_robin', 'batch_size': 100} run 3: e2e 1.33s (751,546 rec/s)
  [batch] {'workers': 4, 'strategy': 'round_robin', 'batch_size': 1000} run 1: e2e 0.34s (2,950,516 rec/s)
  [batch] {'workers': 4, 'strategy': 'round_robin', 'batch_size': 1000} run 2: e2e 0.31s (3,201,729 rec/s)
  [batch] {'workers': 4, 'strategy': 'round_robin', 'batch_size': 1000} run 3: e2e 0.28s (3,517,539 rec/s)
  [batch] {'workers': 4, 'strategy': 'round_robin', 'batch_size': 10000} run 1: e2e 0.24s (4,221,354 rec/s)
  [batch] {'workers': 4, 'strategy': 'round_robin', 'batch_size': 10000} run 2: e2e 0.26s (3,864,501 rec/s)
  [batch] {'workers': 4, 'strategy': 'round_robin', 'batch_size': 10000} run 3: e2e 0.34s (2,965,305 rec/s)
  [batch] {'workers': 4, 'strategy': 'round_robin', 'batch_size': 100000} run 1: e2e 0.33s (3,038,106 rec/s)
  [batch] {'workers': 4, 'strategy': 'round_robin', 'batch_size': 100000} run 2: e2e 0.36s (2,766,082 rec/s)
  [batch] {'workers': 4, 'strategy': 'round_robin', 'batch_size': 100000} run 3: e2e 0.49s (2,048,032 rec/s)
wrote /home/meet-ghelani/Project/Distri/ASS3/Q2_grpc/results/bench_batch.csv
== experiment: strategy
  [strategy] {'workers': 4, 'strategy': 'round_robin', 'batch_size': 1000} run 1: e2e 4.38s (2,282,864 rec/s)
  [strategy] {'workers': 4, 'strategy': 'round_robin', 'batch_size': 1000} run 2: e2e 2.94s (3,406,378 rec/s)
  [strategy] {'workers': 4, 'strategy': 'round_robin', 'batch_size': 1000} run 3: e2e 4.59s (2,177,520 rec/s)
  [strategy] {'workers': 4, 'strategy': 'least_loaded', 'batch_size': 1000} run 1: e2e 2.77s (3,609,622 rec/s)
  [strategy] {'workers': 4, 'strategy': 'least_loaded', 'batch_size': 1000} run 2: e2e 2.85s (3,504,429 rec/s)
  [strategy] {'workers': 4, 'strategy': 'least_loaded', 'batch_size': 1000} run 3: e2e 4.58s (2,182,372 rec/s)
  [strategy] {'workers': 4, 'strategy': 'hash_server', 'batch_size': 1000} run 1: e2e 14.50s (689,861 rec/s)
  [strategy] {'workers': 4, 'strategy': 'hash_server', 'batch_size': 1000} run 2: e2e 14.86s (672,821 rec/s)
  [strategy] {'workers': 4, 'strategy': 'hash_server', 'batch_size': 1000} run 3: e2e 12.56s (796,450 rec/s)
wrote /home/meet-ghelani/Project/Distri/ASS3/Q2_grpc/results/bench_strategy.csv
== experiment: queries
  [queries] {'workers': 4, 'strategy': 'round_robin', 'batch_size': 1000, 'query_clients': 0} run 1: e2e 3.24s (3,088,873 rec/s)
  [queries] {'workers': 4, 'strategy': 'round_robin', 'batch_size': 1000, 'query_clients': 0} run 2: e2e 4.61s (2,170,590 rec/s)
  [queries] {'workers': 4, 'strategy': 'round_robin', 'batch_size': 1000, 'query_clients': 0} run 3: e2e 2.75s (3,642,568 rec/s)
  [queries] {'workers': 4, 'strategy': 'round_robin', 'batch_size': 1000, 'query_clients': 1} run 1: e2e 6.03s (1,658,293 rec/s)
  [queries] {'workers': 4, 'strategy': 'round_robin', 'batch_size': 1000, 'query_clients': 1} run 2: e2e 8.99s (1,112,790 rec/s)
  [queries] {'workers': 4, 'strategy': 'round_robin', 'batch_size': 1000, 'query_clients': 1} run 3: e2e 6.99s (1,430,191 rec/s)
  [queries] {'workers': 4, 'strategy': 'round_robin', 'batch_size': 1000, 'query_clients': 4} run 1: e2e 14.28s (700,190 rec/s)
  [queries] {'workers': 4, 'strategy': 'round_robin', 'batch_size': 1000, 'query_clients': 4} run 2: e2e 12.70s (787,113 rec/s)
  [queries] {'workers': 4, 'strategy': 'round_robin', 'batch_size': 1000, 'query_clients': 4} run 3: e2e 12.83s (779,287 rec/s)
  [queries] {'workers': 4, 'strategy': 'round_robin', 'batch_size': 1000, 'query_clients': 16} run 1: e2e 20.98s (476,718 rec/s)
  [queries] {'workers': 4, 'strategy': 'round_robin', 'batch_size': 1000, 'query_clients': 16} run 2: e2e 22.83s (438,025 rec/s)
  [queries] {'workers': 4, 'strategy': 'round_robin', 'batch_size': 1000, 'query_clients': 16} run 3: e2e 24.85s (402,397 rec/s)
  [queries] {'workers': 4, 'strategy': 'round_robin', 'batch_size': 1000, 'query_clients': 16, 'stale': True} run 1: e2e 12.24s (816,915 rec/s)
  [queries] {'workers': 4, 'strategy': 'round_robin', 'batch_size': 1000, 'query_clients': 16, 'stale': True} run 2: e2e 15.94s (627,415 rec/s)
  [queries] {'workers': 4, 'strategy': 'round_robin', 'batch_size': 1000, 'query_clients': 16, 'stale': True} run 3: e2e 11.46s (872,459 rec/s)
wrote /home/meet-ghelani/Project/Distri/ASS3/Q2_grpc/results/bench_queries.csv
== experiment: rate
  [rate] {'workers': 4, 'strategy': 'round_robin', 'batch_size': 1000, 'rate': 100000, 'lag_probe': True} run 1: e2e 9.99s (100,056 rec/s)
  [rate] {'workers': 4, 'strategy': 'round_robin', 'batch_size': 1000, 'rate': 100000, 'lag_probe': True} run 2: e2e 9.99s (100,054 rec/s)
  [rate] {'workers': 4, 'strategy': 'round_robin', 'batch_size': 1000, 'rate': 100000, 'lag_probe': True} run 3: e2e 9.99s (100,064 rec/s)
  [rate] {'workers': 4, 'strategy': 'round_robin', 'batch_size': 1000, 'rate': 250000, 'lag_probe': True} run 1: e2e 4.00s (250,023 rec/s)
  [rate] {'workers': 4, 'strategy': 'round_robin', 'batch_size': 1000, 'rate': 250000, 'lag_probe': True} run 2: e2e 4.00s (249,988 rec/s)
  [rate] {'workers': 4, 'strategy': 'round_robin', 'batch_size': 1000, 'rate': 250000, 'lag_probe': True} run 3: e2e 4.00s (249,972 rec/s)
  [rate] {'workers': 4, 'strategy': 'round_robin', 'batch_size': 1000, 'rate': 500000, 'lag_probe': True} run 1: e2e 2.00s (499,549 rec/s)
  [rate] {'workers': 4, 'strategy': 'round_robin', 'batch_size': 1000, 'rate': 500000, 'lag_probe': True} run 2: e2e 2.00s (499,169 rec/s)
  [rate] {'workers': 4, 'strategy': 'round_robin', 'batch_size': 1000, 'rate': 500000, 'lag_probe': True} run 3: e2e 2.00s (499,455 rec/s)
  [rate] {'workers': 4, 'strategy': 'round_robin', 'batch_size': 1000, 'rate': 1000000, 'lag_probe': True} run 1: e2e 1.01s (993,960 rec/s)
  [rate] {'workers': 4, 'strategy': 'round_robin', 'batch_size': 1000, 'rate': 1000000, 'lag_probe': True} run 2: e2e 1.01s (994,959 rec/s)
  [rate] {'workers': 4, 'strategy': 'round_robin', 'batch_size': 1000, 'rate': 1000000, 'lag_probe': True} run 3: e2e 1.00s (996,162 rec/s)
  [rate] {'workers': 4, 'strategy': 'round_robin', 'batch_size': 1000, 'rate': 2000000, 'lag_probe': True} run 1: e2e 0.51s (1,970,997 rec/s)
  [rate] {'workers': 4, 'strategy': 'round_robin', 'batch_size': 1000, 'rate': 2000000, 'lag_probe': True} run 2: e2e 0.56s (1,781,809 rec/s)
  [rate] {'workers': 4, 'strategy': 'round_robin', 'batch_size': 1000, 'rate': 2000000, 'lag_probe': True} run 3: e2e 0.51s (1,978,471 rec/s)
  [rate] {'workers': 4, 'strategy': 'round_robin', 'batch_size': 1000, 'rate': 0, 'lag_probe': True} run 1: e2e 0.34s (2,918,401 rec/s)
  [rate] {'workers': 4, 'strategy': 'round_robin', 'batch_size': 1000, 'rate': 0, 'lag_probe': True} run 2: e2e 0.25s (3,991,519 rec/s)
  [rate] {'workers': 4, 'strategy': 'round_robin', 'batch_size': 1000, 'rate': 0, 'lag_probe': True} run 3: e2e 0.26s (3,899,433 rec/s)
wrote /home/meet-ghelani/Project/Distri/ASS3/Q2_grpc/results/bench_rate.csv
== experiment: size
  [size] {'workers': 4, 'strategy': 'round_robin', 'batch_size': 1000} run 1: e2e 0.01s (2,530,059 rec/s)
  [size] {'workers': 4, 'strategy': 'round_robin', 'batch_size': 1000} run 2: e2e 0.01s (2,393,143 rec/s)
  [size] {'workers': 4, 'strategy': 'round_robin', 'batch_size': 1000} run 3: e2e 0.01s (2,568,127 rec/s)
  [size] {'workers': 4, 'strategy': 'round_robin', 'batch_size': 1000} run 1: e2e 0.03s (3,815,646 rec/s)
  [size] {'workers': 4, 'strategy': 'round_robin', 'batch_size': 1000} run 2: e2e 0.03s (3,846,270 rec/s)
  [size] {'workers': 4, 'strategy': 'round_robin', 'batch_size': 1000} run 3: e2e 0.03s (3,666,729 rec/s)
  [size] {'workers': 4, 'strategy': 'round_robin', 'batch_size': 1000} run 1: e2e 0.24s (4,222,364 rec/s)
  [size] {'workers': 4, 'strategy': 'round_robin', 'batch_size': 1000} run 2: e2e 0.26s (3,872,488 rec/s)
  [size] {'workers': 4, 'strategy': 'round_robin', 'batch_size': 1000} run 3: e2e 0.25s (4,022,458 rec/s)
  [size] {'workers': 4, 'strategy': 'round_robin', 'batch_size': 1000} run 1: e2e 3.05s (3,274,999 rec/s)
  [size] {'workers': 4, 'strategy': 'round_robin', 'batch_size': 1000} run 2: e2e 3.41s (2,933,769 rec/s)
  [size] {'workers': 4, 'strategy': 'round_robin', 'batch_size': 1000} run 3: e2e 3.07s (3,260,336 rec/s)
wrote /home/meet-ghelani/Project/Distri/ASS3/Q2_grpc/results/bench_size.csv
